Archive member included to satisfy reference by file (symbol)

D:/CubeIDE/STM32CubeIDE_1.16.1/STM32CubeIDE/plugins/com.st.stm32cube.ide.mcu.externaltools.gnu-tools-for-stm32.12.3.rel1.win32_1.0.200.202406191623/tools/bin/../lib/gcc/arm-none-eabi/12.3.1/../../../../arm-none-eabi/lib/thumb/v7e-m+fp/hard\libc_nano.a(libc_a-exit.o)
                              D:/CubeIDE/STM32CubeIDE_1.16.1/STM32CubeIDE/plugins/com.st.stm32cube.ide.mcu.externaltools.gnu-tools-for-stm32.12.3.rel1.win32_1.0.200.202406191623/tools/bin/../lib/gcc/arm-none-eabi/12.3.1/../../../../arm-none-eabi/lib/thumb/v7e-m+fp/hard/crt0.o (exit)
D:/CubeIDE/STM32CubeIDE_1.16.1/STM32CubeIDE/plugins/com.st.stm32cube.ide.mcu.externaltools.gnu-tools-for-stm32.12.3.rel1.win32_1.0.200.202406191623/tools/bin/../lib/gcc/arm-none-eabi/12.3.1/../../../../arm-none-eabi/lib/thumb/v7e-m+fp/hard\libc_nano.a(libc_a-itoa.o)
                              ./Core/Src/main.o (itoa)
D:/CubeIDE/STM32CubeIDE_1.16.1/STM32CubeIDE/plugins/com.st.stm32cube.ide.mcu.externaltools.gnu-tools-for-stm32.12.3.rel1.win32_1.0.200.202406191623/tools/bin/../lib/gcc/arm-none-eabi/12.3.1/../../../../arm-none-eabi/lib/thumb/v7e-m+fp/hard\libc_nano.a(libc_a-utoa.o)
                              D:/CubeIDE/STM32CubeIDE_1.16.1/STM32CubeIDE/plugins/com.st.stm32cube.ide.mcu.externaltools.gnu-tools-for-stm32.12.3.rel1.win32_1.0.200.202406191623/tools/bin/../lib/gcc/arm-none-eabi/12.3.1/../../../../arm-none-eabi/lib/thumb/v7e-m+fp/hard\libc_nano.a(libc_a-itoa.o) (__utoa)
D:/CubeIDE/STM32CubeIDE_1.16.1/STM32CubeIDE/plugins/com.st.stm32cube.ide.mcu.externaltools.gnu-tools-for-stm32.12.3.rel1.win32_1.0.200.202406191623/tools/bin/../lib/gcc/arm-none-eabi/12.3.1/../../../../arm-none-eabi/lib/thumb/v7e-m+fp/hard\libc_nano.a(libc_a-findfp.o)
                              D:/CubeIDE/STM32CubeIDE_1.16.1/STM32CubeIDE/plugins/com.st.stm32cube.ide.mcu.externaltools.gnu-tools-for-stm32.12.3.rel1.win32_1.0.200.202406191623/tools/bin/../lib/gcc/arm-none-eabi/12.3.1/../../../../arm-none-eabi/lib/thumb/v7e-m+fp/hard\libc_nano.a(libc_a-exit.o) (__stdio_exit_handler)
D:/CubeIDE/STM32CubeIDE_1.16.1/STM32CubeIDE/plugins/com.st.stm32cube.ide.mcu.externaltools.gnu-tools-for-stm32.12.3.rel1.win32_1.0.200.202406191623/tools/bin/../lib/gcc/arm-none-eabi/12.3.1/../../../../arm-none-eabi/lib/thumb/v7e-m+fp/hard\libc_nano.a(libc_a-fwalk.o)
                              D:/CubeIDE/STM32CubeIDE_1.16.1/STM32CubeIDE/plugins/com.st.stm32cube.ide.mcu.externaltools.gnu-tools-for-stm32.12.3.rel1.win32_1.0.200.202406191623/tools/bin/../lib/gcc/arm-none-eabi/12.3.1/../../../../arm-none-eabi/lib/thumb/v7e-m+fp/hard\libc_nano.a(libc_a-findfp.o) (_fwalk_sglue)
D:/CubeIDE/STM32CubeIDE_1.16.1/STM32CubeIDE/plugins/com.st.stm32cube.ide.mcu.externaltools.gnu-tools-for-stm32.12.3.rel1.win32_1.0.200.202406191623/tools/bin/../lib/gcc/arm-none-eabi/12.3.1/../../../../arm-none-eabi/lib/thumb/v7e-m+fp/hard\libc_nano.a(libc_a-stdio.o)
                              D:/CubeIDE/STM32CubeIDE_1.16.1/STM32CubeIDE/plugins/com.st.stm32cube.ide.mcu.externaltools.gnu-tools-for-stm32.12.3.rel1.win32_1.0.200.202406191623/tools/bin/../lib/gcc/arm-none-eabi/12.3.1/../../../../arm-none-eabi/lib/thumb/v7e-m+fp/hard\libc_nano.a(libc_a-findfp.o) (__sread)
D:/CubeIDE/STM32CubeIDE_1.16.1/STM32CubeIDE/plugins/com.st.stm32cube.ide.mcu.externaltools.gnu-tools-for-stm32.12.3.rel1.win32_1.0.200.202406191623/tools/bin/../lib/gcc/arm-none-eabi/12.3.1/../../../../arm-none-eabi/lib/thumb/v7e-m+fp/hard\libc_nano.a(libc_a-memset.o)
                              D:/CubeIDE/STM32CubeIDE_1.16.1/STM32CubeIDE/plugins/com.st.stm32cube.ide.mcu.externaltools.gnu-tools-for-stm32.12.3.rel1.win32_1.0.200.202406191623/tools/bin/../lib/gcc/arm-none-eabi/12.3.1/../../../../arm-none-eabi/lib/thumb/v7e-m+fp/hard/crt0.o (memset)
D:/CubeIDE/STM32CubeIDE_1.16.1/STM32CubeIDE/plugins/com.st.stm32cube.ide.mcu.externaltools.gnu-tools-for-stm32.12.3.rel1.win32_1.0.200.202406191623/tools/bin/../lib/gcc/arm-none-eabi/12.3.1/../../../../arm-none-eabi/lib/thumb/v7e-m+fp/hard\libc_nano.a(libc_a-closer.o)
                              D:/CubeIDE/STM32CubeIDE_1.16.1/STM32CubeIDE/plugins/com.st.stm32cube.ide.mcu.externaltools.gnu-tools-for-stm32.12.3.rel1.win32_1.0.200.202406191623/tools/bin/../lib/gcc/arm-none-eabi/12.3.1/../../../../arm-none-eabi/lib/thumb/v7e-m+fp/hard\libc_nano.a(libc_a-stdio.o) (_close_r)
D:/CubeIDE/STM32CubeIDE_1.16.1/STM32CubeIDE/plugins/com.st.stm32cube.ide.mcu.externaltools.gnu-tools-for-stm32.12.3.rel1.win32_1.0.200.202406191623/tools/bin/../lib/gcc/arm-none-eabi/12.3.1/../../../../arm-none-eabi/lib/thumb/v7e-m+fp/hard\libc_nano.a(libc_a-reent.o)
                              D:/CubeIDE/STM32CubeIDE_1.16.1/STM32CubeIDE/plugins/com.st.stm32cube.ide.mcu.externaltools.gnu-tools-for-stm32.12.3.rel1.win32_1.0.200.202406191623/tools/bin/../lib/gcc/arm-none-eabi/12.3.1/../../../../arm-none-eabi/lib/thumb/v7e-m+fp/hard\libc_nano.a(libc_a-closer.o) (errno)
[...]
Memory Configuration

Name             Origin             Length             Attributes
RAM              0x20000000         0x00020000         xrw
FLASH            0x08000000         0x00080000         xr
*default*        0x00000000         0xffffffff

Linker script and memory map

LOAD D:/CubeIDE/STM32CubeIDE_1.16.1/STM32CubeIDE/plugins/com.st.stm32cube.ide.mcu.externaltools.gnu-tools-for-stm32.12.3.rel1.win32_1.0.200.202406191623/tools/bin/../lib/gcc/arm-none-eabi/12.3.1/thumb/v7e-m+fp/hard/crti.o
LOAD D:/CubeIDE/STM32CubeIDE_1.16.1/STM32CubeIDE/plugins/com.st.stm32cube.ide.mcu.externaltools.gnu-tools-for-stm32.12.3.rel1.win32_1.0.200.202406191623/tools/bin/../lib/gcc/arm-none-eabi/12.3.1/thumb/v7e-m+fp/hard/crtbegin.o
LOAD D:/CubeIDE/STM32CubeIDE_1.16.1/STM32CubeIDE/plugins/com.st.stm32cube.ide.mcu.externaltools.gnu-tools-for-stm32.12.3.rel1.win32_1.0.200.202406191623/tools/bin/../lib/gcc/arm-none-eabi/12.3.1/../../../../arm-none-eabi/lib/thumb/v7e-m+fp/hard/crt0.o
LOAD ./Core/Src/gpio.o
LOAD ./Core/Src/i2c.o
LOAD ./Core/Src/main.o
LOAD ./Core/Src/stm32f4xx_hal_msp.o
LOAD ./Core/Src/stm32f4xx_it.o
LOAD ./Core/Src/syscalls.o
LOAD ./Core/Src/sysmem.o
LOAD ./Core/Src/system_stm32f4xx.o
LOAD ./Core/Src/tim.o
LOAD ./Core/Startup/startup_stm32f446retx.o
LOAD ./Drivers/STM32F4xx_HAL_Driver/Src/liquidcrystal_i2c.o
LOAD ./Drivers/STM32F4xx_HAL_Driver/Src/stm32f4xx_hal.o
LOAD ./Drivers/STM32F4xx_HAL_Driver/Src/stm32f4xx_hal_cortex.o
LOAD ./Drivers/STM32F4xx_HAL_Driver/Src/stm32f4xx_hal_dma.o
LOAD ./Drivers/STM32F4xx_HAL_Driver/Src/stm32f4xx_hal_dma_ex.o
LOAD ./Drivers/STM32F4xx_HAL_Driver/Src/stm32f4xx_hal_exti.o
LOAD ./Drivers/STM32F4xx_HAL_Driver/Src/stm32f4xx_hal_flash.o
LOAD ./Drivers/STM32F4xx_HAL_Driver/Src/stm32f4xx_hal_flash_ex.o
LOAD ./Drivers/STM32F4xx_HAL_Driver/Src/stm32f4xx_hal_flash_ramfunc.o
LOAD ./Drivers/STM32F4xx_HAL_Driver/Src/stm32f4xx_hal_gpio.o
LOAD ./Drivers/STM32F4xx_HAL_Driver/Src/stm32f4xx_hal_i2c.o
LOAD ./Drivers/STM32F4xx_HAL_Driver/Src/stm32f4xx_hal_i2c_ex.o
LOAD ./Drivers/STM32F4xx_HAL_Driver/Src/stm32f4xx_hal_pwr.o
LOAD ./Drivers/STM32F4xx_HAL_Driver/Src/stm32f4xx_hal_pwr_ex.o
LOAD ./Drivers/STM32F4xx_HAL_Driver/Src/stm32f4xx_hal_rcc.o
LOAD ./Drivers/STM32F4xx_HAL_Driver/Src/stm32f4xx_hal_rcc_ex.o
LOAD ./Drivers/STM32F4xx_HAL_Driver/Src/stm32f4xx_hal_tim.o
LOAD ./Drivers/STM32F4xx_HAL_Driver/Src/stm32f4xx_hal_tim_ex.o
START GROUP
LOAD D:/CubeIDE/STM32CubeIDE_1.16.1/STM32CubeIDE/plugins/com.st.stm32cube.ide.mcu.externaltools.gnu-tools-for-stm32.12.3.rel1.win32_1.0.200.202406191623/tools/bin/../lib/gcc/arm-none-eabi/12.3.1/../../../../arm-none-eabi/lib/thumb/v7e-m+fp/hard\libc_nano.a
LOAD D:/CubeIDE/STM32CubeIDE_1.16.1/STM32CubeIDE/plugins/com.st.stm32cube.ide.mcu.externaltools.gnu-tools-for-stm32.12.3.rel1.win32_1.0.200.202406191623/tools/bin/../lib/gcc/arm-none-eabi/12.3.1/../../../../arm-none-eabi/lib/thumb/v7e-m+fp/hard\libm.a
END GROUP
START GROUP
LOAD D:/CubeIDE/STM32CubeIDE_1.16.1/STM32CubeIDE/plugins/com.st.stm32cube.ide.mcu.externaltools.gnu-tools-for-stm32.12.3.rel1.win32_1.0.200.202406191623/tools/bin/../lib/gcc/arm-none-eabi/12.3.1/thumb/v7e-m+fp/hard\libgcc.a
LOAD D:/CubeIDE/STM32CubeIDE_1.16.1/STM32CubeIDE/plugins/com.st.stm32cube.ide.mcu.externaltools.gnu-tools-for-stm32.12.3.rel1.win32_1.0.200.202406191623/tools/bin/../lib/gcc/arm-none-eabi/12.3.1/../../../../arm-none-eabi/lib/thumb/v7e-m+fp/hard\libc_nano.a
END GROUP
START GROUP
LOAD D:/CubeIDE/STM32CubeIDE_1.16.1/STM32CubeIDE/plugins/com.st.stm32cube.ide.mcu.externaltools.gnu-tools-for-stm32.12.3.rel1.win32_1.0.200.202406191623/tools/bin/../lib/gcc/arm-none-eabi/12.3.1/thumb/v7e-m+fp/hard\libgcc.a
LOAD D:/CubeIDE/STM32CubeIDE_1.16.1/STM32CubeIDE/plugins/com.st.stm32cube.ide.mcu.externaltools.gnu-tools-for-stm32.12.3.rel1.win32_1.0.200.202406191623/tools/bin/../lib/gcc/arm-none-eabi/12.3.1/../../../../arm-none-eabi/lib/thumb/v7e-m+fp/hard\libc_nano.a
LOAD D:/CubeIDE/STM32CubeIDE_1.16.1/STM32CubeIDE/plugins/com.st.stm32cube.ide.mcu.externaltools.gnu-tools-for-stm32.12.3.rel1.win32_1.0.200.202406191623/tools/bin/../lib/gcc/arm-none-eabi/12.3.1/../../../../arm-none-eabi/lib/thumb/v7e-m+fp/hard\libnosys.a
END GROUP
START GROUP
LOAD D:/CubeIDE/STM32CubeIDE_1.16.1/STM32CubeIDE/plugins/com.st.stm32cube.ide.mcu.externaltools.gnu-tools-for-stm32.12.3.rel1.win32_1.0.200.202406191623/tools/bin/../lib/gcc/arm-none-eabi/12.3.1/thumb/v7e-m+fp/hard\libgcc.a
LOAD D:/CubeIDE/STM32CubeIDE_1.16.1/STM32CubeIDE/plugins/com.st.stm32cube.ide.mcu.externaltools.gnu-tools-for-stm32.12.3.rel1.win32_1.0.200.202406191623/tools/bin/../lib/gcc/arm-none-eabi/12.3.1/../../../../arm-none-eabi/lib/thumb/v7e-m+fp/hard\libc_nano.a
LOAD D:/CubeIDE/STM32CubeIDE_1.16.1/STM32CubeIDE/plugins/com.st.stm32cube.ide.mcu.externaltools.gnu-tools-for-stm32.12.3.rel1.win32_1.0.200.202406191623/tools/bin/../lib/gcc/arm-none-eabi/12.3.1/../../../../arm-none-eabi/lib/thumb/v7e-m+fp/hard\libnosys.a
END GROUP
LOAD D:/CubeIDE/STM32CubeIDE_1.16.1/STM32CubeIDE/plugins/com.st.stm32cube.ide.mcu.externaltools.gnu-tools-for-stm32.12.3.rel1.win32_1.0.200.202406191623/tools/bin/../lib/gcc/arm-none-eabi/12.3.1/thumb/v7e-m+fp/hard/crtend.o
LOAD D:/CubeIDE/STM32CubeIDE_1.16.1/STM32CubeIDE/plugins/com.st.stm32cube.ide.mcu.externaltools.gnu-tools-for-stm32.12.3.rel1.win32_1.0.200.202406191623/tools/bin/../lib/gcc/arm-none-eabi/12.3.1/thumb/v7e-m+fp/hard/crtn.o
                0x20020000                        _estack = (ORIGIN (RAM) + LENGTH (RAM))
                0x00000200                        _Min_Heap_Size = 0x200
                0x00000400                        _Min_Stack_Size = 0x400

.isr_vector     0x08000000      0x1c4
                0x08000000                        . = ALIGN (0x4)
 *(.isr_vector)
 .isr_vector    0x08000000      0x1c4 ./Core/Startup/startup_stm32f446retx.o
                0x08000000                g_pfnVectors
                0x080001c4                        . = ALIGN (0x4)

.text           0x080001c4     0x3224
                0x080001c4                        . = ALIGN (0x4)
 *(.text)
 .text          0x080001c4       0x40 D:/CubeIDE/STM32CubeIDE_1.16.1/STM32CubeIDE/plugins/com.st.stm32cube.ide.mcu.externaltools.gnu-tools-for-stm32.12.3.rel1.win32_1.0.200.202406191623/tools/bin/../lib/gcc/arm-none-eabi/12.3.1/thumb/v7e-m+fp/hard/crtbegin.o
 .text          0x08000204       0x30 D:/CubeIDE/STM32CubeIDE_1.16.1/STM32CubeIDE/plugins/com.st.stm32cube.ide.mcu.externaltools.gnu-tools-for-stm32.12.3.rel1.win32_1.0.200.202406191623/tools/bin/../lib/gcc/arm-none-eabi/12.3.1/thumb/v7e-m+fp/hard\libgcc.a(_aeabi_uldivmod.o)
                0x08000204                __aeabi_uldivmod
 .text          0x08000234      0x2bc D:/CubeIDE/STM32CubeIDE_1.16.1/STM32CubeIDE/plugins/com.st.stm32cube.ide.mcu.externaltools.gnu-tools-for-stm32.12.3.rel1.win32_1.0.200.202406191623/tools/bin/../lib/gcc/arm-none-eabi/12.3.1/thumb/v7e-m+fp/hard\libgcc.a(_udivmoddi4.o)
                0x08000234                __udivmoddi4
 .text          0x080004f0        0x4 D:/CubeIDE/STM32CubeIDE_1.16.1/STM32CubeIDE/plugins/com.st.stm32cube.ide.mcu.externaltools.gnu-tools-for-stm32.12.3.rel1.win32_1.0.200.202406191623/tools/bin/../lib/gcc/arm-none-eabi/12.3.1/thumb/v7e-m+fp/hard\libgcc.a(_dvmd_tls.o)
                0x080004f0                __aeabi_idiv0
                0x080004f0                __aeabi_ldiv0
 *(.text*)
 .text.MX_GPIO_Init
                0x080004f4      0x138 ./Core/Src/gpio.o
                0x080004f4                MX_GPIO_Init
 .text.MX_I2C1_Init
                0x0800062c       0x5c ./Core/Src/i2c.o
                0x0800062c                MX_I2C1_Init
 .text.HAL_I2C_MspInit
                0x08000688       0x90 ./Core/Src/i2c.o
                0x08000688                HAL_I2C_MspInit
 .text.main     0x08000718       0xac ./Core/Src/main.o
                0x08000718                main
 .text.SystemClock_Config
                0x080007c4       0xc0 ./Core/Src/main.o
                0x080007c4                SystemClock_Config
 .text.HAL_TIM_PeriodElapsedCallback
                0x08000884       0xc4 ./Core/Src/main.o
                0x08000884                HAL_TIM_PeriodElapsedCallback
 .text.HAL_GPIO_EXTI_Callback
                0x08000948       0x68 ./Core/Src/main.o
                0x08000948                HAL_GPIO_EXTI_Callback
 .text.Error_Handler
                0x080009b0        0xc ./Core/Src/main.o
                0x080009b0                Error_Handler
 .text.HAL_MspInit
                0x080009bc       0x50 ./Core/Src/stm32f4xx_hal_msp.o
                0x080009bc                HAL_MspInit
 .text.NMI_Handler
                0x08000a0c        0x8 ./Core/Src/stm32f4xx_it.o
                0x08000a0c                NMI_Handler
 .text.HardFault_Handler
                0x08000a14        0x8 ./Core/Src/stm32f4xx_it.o
                0x08000a14                HardFault_Handler
 .text.MemManage_Handler
                0x08000a1c        0x8 ./Core/Src/stm32f4xx_it.o
                0x08000a1c                MemManage_Handler
 .text.BusFault_Handler
                0x08000a24        0x8 ./Core/Src/stm32f4xx_it.o
                0x08000a24                BusFault_Handler
 .text.UsageFault_Handler
                0x08000a2c        0x8 ./Core/Src/stm32f4xx_it.o
                0x08000a2c                UsageFault_Handler
 .text.SVC_Handler
                0x08000a34        0xe ./Core/Src/stm32f4xx_it.o
                0x08000a34                SVC_Handler
 .text.DebugMon_Handler
                0x08000a42        0xe ./Core/Src/stm32f4xx_it.o
                0x08000a42                DebugMon_Handler
 .text.PendSV_Handler
                0x08000a50        0xe ./Core/Src/stm32f4xx_it.o
                0x08000a50                PendSV_Handler
 .text.SysTick_Handler
                0x08000a5e        0xc ./Core/Src/stm32f4xx_it.o
                0x08000a5e                SysTick_Handler
 .text.EXTI9_5_IRQHandler
                0x08000a6a       0x16 ./Core/Src/stm32f4xx_it.o
                0x08000a6a                EXTI9_5_IRQHandler
 .text.EXTI15_10_IRQHandler
                0x08000a80       0x10 ./Core/Src/stm32f4xx_it.o
                0x08000a80                EXTI15_10_IRQHandler
 .text.TIM8_TRG_COM_TIM14_IRQHandler
                0x08000a90       0x14 ./Core/Src/stm32f4xx_it.o
                0x08000a90                TIM8_TRG_COM_TIM14_IRQHandler
 .text.TIM6_DAC_IRQHandler
                0x08000aa4       0x14 ./Core/Src/stm32f4xx_it.o
                0x08000aa4                TIM6_DAC_IRQHandler
 .text.TIM7_IRQHandler
                0x08000ab8       0x14 ./Core/Src/stm32f4xx_it.o
                0x08000ab8                TIM7_IRQHandler
 .text.SystemInit
                0x08000acc       0x24 ./Core/Src/system_stm32f4xx.o
                0x08000acc                SystemInit
 .text.MX_TIM6_Init
                0x08000af0       0x6c ./Core/Src/tim.o
                0x08000af0                MX_TIM6_Init
 .text.MX_TIM7_Init
                0x08000b5c       0x6c ./Core/Src/tim.o
                0x08000b5c                MX_TIM7_Init
 .text.MX_TIM14_Init
                0x08000bc8       0x48 ./Core/Src/tim.o
                0x08000bc8                MX_TIM14_Init
 .text.HAL_TIM_Base_MspInit
                0x08000c10       0xc8 ./Core/Src/tim.o
                0x08000c10                HAL_TIM_Base_MspInit
 .text.Reset_Handler
                0x08000cd8       0x50 ./Core/Startup/startup_stm32f446retx.o
                0x08000cd8                Reset_Handler
 .text.Default_Handler
                0x08000d28        0x2 ./Core/Startup/startup_stm32f446retx.o
                0x08000d28                RTC_Alarm_IRQHandler
                0x08000d28                EXTI2_IRQHandler
                0x08000d28                TIM8_CC_IRQHandler
                0x08000d28                FMPI2C1_EV_IRQHandler
                0x08000d28                SPI4_IRQHandler
                0x08000d28                TIM1_CC_IRQHandler
                0x08000d28                DMA2_Stream5_IRQHandler
                0x08000d28                DMA1_Stream5_IRQHandler
                0x08000d28                PVD_IRQHandler
                0x08000d28                SDIO_IRQHandler
                0x08000d28                TAMP_STAMP_IRQHandler
                0x08000d28                CAN2_RX1_IRQHandler
                0x08000d28                EXTI3_IRQHandler
                0x08000d28                TIM1_UP_TIM10_IRQHandler
                0x08000d28                TIM8_UP_TIM13_IRQHandler
                0x08000d28                I2C3_ER_IRQHandler
                0x08000d28                EXTI0_IRQHandler
                0x08000d28                I2C2_EV_IRQHandler
                0x08000d28                DMA1_Stream2_IRQHandler
                0x08000d28                CAN1_RX0_IRQHandler
                0x08000d28                FPU_IRQHandler
                0x08000d28                OTG_HS_WKUP_IRQHandler
                0x08000d28                CAN2_SCE_IRQHandler
                0x08000d28                DMA2_Stream2_IRQHandler
                0x08000d28                SPI1_IRQHandler
                0x08000d28                TIM1_BRK_TIM9_IRQHandler
                0x08000d28                DCMI_IRQHandler
                0x08000d28                CAN2_RX0_IRQHandler
                0x08000d28                DMA2_Stream3_IRQHandler
                0x08000d28                SAI2_IRQHandler
                0x08000d28                USART6_IRQHandler
                0x08000d28                USART3_IRQHandler
                0x08000d28                CAN1_RX1_IRQHandler
                0x08000d28                UART5_IRQHandler
                0x08000d28                DMA2_Stream0_IRQHandler
                0x08000d28                TIM4_IRQHandler
                0x08000d28                QUADSPI_IRQHandler
                0x08000d28                I2C1_EV_IRQHandler
                0x08000d28                DMA1_Stream6_IRQHandler
                0x08000d28                DMA1_Stream1_IRQHandler
                0x08000d28                UART4_IRQHandler
                0x08000d28                TIM3_IRQHandler
                0x08000d28                RCC_IRQHandler
                0x08000d28                TIM8_BRK_TIM12_IRQHandler
                0x08000d28                Default_Handler
                0x08000d28                CEC_IRQHandler
                0x08000d28                ADC_IRQHandler
                0x08000d28                DMA1_Stream7_IRQHandler
                0x08000d28                CAN2_TX_IRQHandler
                0x08000d28                TIM5_IRQHandler
                0x08000d28                DMA2_Stream7_IRQHandler
                0x08000d28                I2C3_EV_IRQHandler
                0x08000d28                RTC_WKUP_IRQHandler
                0x08000d28                SPDIF_RX_IRQHandler
                0x08000d28                SPI2_IRQHandler
                0x08000d28                OTG_HS_EP1_IN_IRQHandler
                0x08000d28                DMA1_Stream0_IRQHandler
                0x08000d28                CAN1_TX_IRQHandler
                0x08000d28                FMPI2C1_ER_IRQHandler
                0x08000d28                EXTI4_IRQHandler
                0x08000d28                OTG_HS_EP1_OUT_IRQHandler
                0x08000d28                WWDG_IRQHandler
                0x08000d28                TIM2_IRQHandler
                0x08000d28                OTG_FS_WKUP_IRQHandler
                0x08000d28                TIM1_TRG_COM_TIM11_IRQHandler
                0x08000d28                OTG_HS_IRQHandler
                0x08000d28                EXTI1_IRQHandler
                0x08000d28                USART2_IRQHandler
                0x08000d28                I2C2_ER_IRQHandler
                0x08000d28                DMA2_Stream1_IRQHandler
                0x08000d28                CAN1_SCE_IRQHandler
                0x08000d28                FLASH_IRQHandler
                0x08000d28                DMA2_Stream4_IRQHandler
                0x08000d28                USART1_IRQHandler
                0x08000d28                OTG_FS_IRQHandler
                0x08000d28                SPI3_IRQHandler
                0x08000d28                DMA1_Stream4_IRQHandler
                0x08000d28                I2C1_ER_IRQHandler
                0x08000d28                FMC_IRQHandler
                0x08000d28                DMA2_Stream6_IRQHandler
                0x08000d28                SAI1_IRQHandler
                0x08000d28                DMA1_Stream3_IRQHandler
 *fill*         0x08000d2a        0x2 
 .text.HD44780_Init
                0x08000d2c      0x108 ./Drivers/STM32F4xx_HAL_Driver/Src/liquidcrystal_i2c.o
                0x08000d2c                HD44780_Init
 .text.HD44780_Clear
                0x08000e34       0x16 ./Drivers/STM32F4xx_HAL_Driver/Src/liquidcrystal_i2c.o
                0x08000e34                HD44780_Clear
 .text.HD44780_Home
                0x08000e4a       0x16 ./Drivers/STM32F4xx_HAL_Driver/Src/liquidcrystal_i2c.o
                0x08000e4a                HD44780_Home
 .text.HD44780_SetCursor
                0x08000e60       0x64 ./Drivers/STM32F4xx_HAL_Driver/Src/liquidcrystal_i2c.o
                0x08000e60                HD44780_SetCursor
 .text.HD44780_Display
                0x08000ec4       0x2c ./Drivers/STM32F4xx_HAL_Driver/Src/liquidcrystal_i2c.o
                0x08000ec4                HD44780_Display
 .text.HD44780_CreateSpecialChar
                0x08000ef0       0x52 ./Drivers/STM32F4xx_HAL_Driver/Src/liquidcrystal_i2c.o
                0x08000ef0                HD44780_CreateSpecialChar
 .text.HD44780_PrintStr
                0x08000f42       0x2a ./Drivers/STM32F4xx_HAL_Driver/Src/liquidcrystal_i2c.o
                0x08000f42                HD44780_PrintStr
 .text.SendCommand
                0x08000f6c       0x1c ./Drivers/STM32F4xx_HAL_Driver/Src/liquidcrystal_i2c.o
 .text.SendChar
                0x08000f88       0x1c ./Drivers/STM32F4xx_HAL_Driver/Src/liquidcrystal_i2c.o
 .text.Send     0x08000fa4       0x42 ./Drivers/STM32F4xx_HAL_Driver/Src/liquidcrystal_i2c.o
 .text.Write4Bits
                0x08000fe6       0x22 ./Drivers/STM32F4xx_HAL_Driver/Src/liquidcrystal_i2c.o
 .text.ExpanderWrite
                0x08001008       0x38 ./Drivers/STM32F4xx_HAL_Driver/Src/liquidcrystal_i2c.o
 .text.PulseEnable
                0x08001040       0x3a ./Drivers/STM32F4xx_HAL_Driver/Src/liquidcrystal_i2c.o
 *fill*         0x0800107a        0x2 
 .text.DelayInit
                0x0800107c       0x54 ./Drivers/STM32F4xx_HAL_Driver/Src/liquidcrystal_i2c.o
 .text.DelayUS  0x080010d0       0x50 ./Drivers/STM32F4xx_HAL_Driver/Src/liquidcrystal_i2c.o
 .text.HAL_Init
                0x08001120       0x44 ./Drivers/STM32F4xx_HAL_Driver/Src/stm32f4xx_hal.o
                0x08001120                HAL_Init
 .text.HAL_InitTick
                0x08001164       0x60 ./Drivers/STM32F4xx_HAL_Driver/Src/stm32f4xx_hal.o
                0x08001164                HAL_InitTick
 .text.HAL_IncTick
                0x080011c4       0x28 ./Drivers/STM32F4xx_HAL_Driver/Src/stm32f4xx_hal.o
                0x080011c4                HAL_IncTick
 .text.HAL_GetTick
                0x080011ec       0x18 ./Drivers/STM32F4xx_HAL_Driver/Src/stm32f4xx_hal.o
                0x080011ec                HAL_GetTick
 .text.HAL_Delay
                0x08001204       0x48 ./Drivers/STM32F4xx_HAL_Driver/Src/stm32f4xx_hal.o
                0x08001204                HAL_Delay
 .text.__NVIC_SetPriorityGrouping
                0x0800124c       0x48 ./Drivers/STM32F4xx_HAL_Driver/Src/stm32f4xx_hal_cortex.o
 .text.__NVIC_GetPriorityGrouping
                0x08001294       0x1c ./Drivers/STM32F4xx_HAL_Driver/Src/stm32f4xx_hal_cortex.o
 .text.__NVIC_EnableIRQ
                0x080012b0       0x3c ./Drivers/STM32F4xx_HAL_Driver/Src/stm32f4xx_hal_cortex.o
 .text.__NVIC_SetPriority
                0x080012ec       0x54 ./Drivers/STM32F4xx_HAL_Driver/Src/stm32f4xx_hal_cortex.o
 .text.NVIC_EncodePriority
                0x08001340       0x66 ./Drivers/STM32F4xx_HAL_Driver/Src/stm32f4xx_hal_cortex.o
 *fill*         0x080013a6        0x2 
 .text.SysTick_Config
                0x080013a8       0x44 ./Drivers/STM32F4xx_HAL_Driver/Src/stm32f4xx_hal_cortex.o
 .text.HAL_NVIC_SetPriorityGrouping
                0x080013ec       0x16 ./Drivers/STM32F4xx_HAL_Driver/Src/stm32f4xx_hal_cortex.o
                0x080013ec                HAL_NVIC_SetPriorityGrouping
 .text.HAL_NVIC_SetPriority
                0x08001402       0x38 ./Drivers/STM32F4xx_HAL_Driver/Src/stm32f4xx_hal_cortex.o
                0x08001402                HAL_NVIC_SetPriority
 .text.HAL_NVIC_EnableIRQ
                0x0800143a       0x1c ./Drivers/STM32F4xx_HAL_Driver/Src/stm32f4xx_hal_cortex.o
                0x0800143a                HAL_NVIC_EnableIRQ
 .text.HAL_SYSTICK_Config
                0x08001456       0x18 ./Drivers/STM32F4xx_HAL_Driver/Src/stm32f4xx_hal_cortex.o
                0x08001456                HAL_SYSTICK_Config
 *fill*         0x0800146e        0x2 
 .text.HAL_GPIO_Init
                0x08001470      0x328 ./Drivers/STM32F4xx_HAL_Driver/Src/stm32f4xx_hal_gpio.o
                0x08001470                HAL_GPIO_Init
 .text.HAL_GPIO_ReadPin
                0x08001798       0x30 ./Drivers/STM32F4xx_HAL_Driver/Src/stm32f4xx_hal_gpio.o
                0x08001798                HAL_GPIO_ReadPin
 .text.HAL_GPIO_WritePin
                0x080017c8       0x32 ./Drivers/STM32F4xx_HAL_Driver/Src/stm32f4xx_hal_gpio.o
                0x080017c8                HAL_GPIO_WritePin
 .text.HAL_GPIO_TogglePin
                0x080017fa       0x34 ./Drivers/STM32F4xx_HAL_Driver/Src/stm32f4xx_hal_gpio.o
                0x080017fa                HAL_GPIO_TogglePin
 *fill*         0x0800182e        0x2 
 .text.HAL_GPIO_EXTI_IRQHandler
                0x08001830       0x30 ./Drivers/STM32F4xx_HAL_Driver/Src/stm32f4xx_hal_gpio.o
                0x08001830                HAL_GPIO_EXTI_IRQHandler
 .text.HAL_I2C_Init
                0x08001860      0x288 ./Drivers/STM32F4xx_HAL_Driver/Src/stm32f4xx_hal_i2c.o
                0x08001860                HAL_I2C_Init
 .text.HAL_I2C_Master_Transmit
                0x08001ae8      0x1fc ./Drivers/STM32F4xx_HAL_Driver/Src/stm32f4xx_hal_i2c.o
                0x08001ae8                HAL_I2C_Master_Transmit
 .text.I2C_MasterRequestWrite
                0x08001ce4      0x104 ./Drivers/STM32F4xx_HAL_Driver/Src/stm32f4xx_hal_i2c.o
 .text.I2C_WaitOnFlagUntilTimeout
                0x08001de8       0xf4 ./Drivers/STM32F4xx_HAL_Driver/Src/stm32f4xx_hal_i2c.o
 .text.I2C_WaitOnMasterAddressFlagUntilTimeout
                0x08001edc      0x140 ./Drivers/STM32F4xx_HAL_Driver/Src/stm32f4xx_hal_i2c.o
 .text.I2C_WaitOnTXEFlagUntilTimeout
                0x0800201c       0x90 ./Drivers/STM32F4xx_HAL_Driver/Src/stm32f4xx_hal_i2c.o
 .text.I2C_WaitOnBTFFlagUntilTimeout
                0x080020ac       0x90 ./Drivers/STM32F4xx_HAL_Driver/Src/stm32f4xx_hal_i2c.o
 .text.I2C_IsAcknowledgeFailed
                0x0800213c       0x5e ./Drivers/STM32F4xx_HAL_Driver/Src/stm32f4xx_hal_i2c.o
 *fill*         0x0800219a        0x2 
 .text.HAL_RCC_ClockConfig
                0x0800219c      0x1cc ./Drivers/STM32F4xx_HAL_Driver/Src/stm32f4xx_hal_rcc.o
                0x0800219c                HAL_RCC_ClockConfig
 .text.HAL_RCC_GetHCLKFreq
                0x08002368       0x18 ./Drivers/STM32F4xx_HAL_Driver/Src/stm32f4xx_hal_rcc.o
                0x08002368                HAL_RCC_GetHCLKFreq
 .text.HAL_RCC_GetPCLK1Freq
                0x08002380       0x28 ./Drivers/STM32F4xx_HAL_Driver/Src/stm32f4xx_hal_rcc.o
                0x08002380                HAL_RCC_GetPCLK1Freq
 .text.HAL_RCC_GetSysClockFreq
                0x080023a8      0x354 ./Drivers/STM32F4xx_HAL_Driver/Src/stm32f4xx_hal_rcc_ex.o
                0x080023a8                HAL_RCC_GetSysClockFreq
 .text.HAL_RCC_OscConfig
                0x080026fc      0x53c ./Drivers/STM32F4xx_HAL_Driver/Src/stm32f4xx_hal_rcc_ex.o
                0x080026fc                HAL_RCC_OscConfig
 .text.HAL_TIM_Base_Init
                0x08002c38       0x9e ./Drivers/STM32F4xx_HAL_Driver/Src/stm32f4xx_hal_tim.o
                0x08002c38                HAL_TIM_Base_Init
 *fill*         0x08002cd6        0x2 
 .text.HAL_TIM_Base_Start_IT
                0x08002cd8       0xe0 ./Drivers/STM32F4xx_HAL_Driver/Src/stm32f4xx_hal_tim.o
                0x08002cd8                HAL_TIM_Base_Start_IT
 .text.HAL_TIM_Base_Stop_IT
                0x08002db8       0x5e ./Drivers/STM32F4xx_HAL_Driver/Src/stm32f4xx_hal_tim.o
                0x08002db8                HAL_TIM_Base_Stop_IT
 .text.HAL_TIM_IRQHandler
                0x08002e16      0x1e0 ./Drivers/STM32F4xx_HAL_Driver/Src/stm32f4xx_hal_tim.o
                0x08002e16                HAL_TIM_IRQHandler
 .text.HAL_TIM_OC_DelayElapsedCallback
                0x08002ff6       0x14 ./Drivers/STM32F4xx_HAL_Driver/Src/stm32f4xx_hal_tim.o
                0x08002ff6                HAL_TIM_OC_DelayElapsedCallback
 .text.HAL_TIM_IC_CaptureCallback
                0x0800300a       0x14 ./Drivers/STM32F4xx_HAL_Driver/Src/stm32f4xx_hal_tim.o
                0x0800300a                HAL_TIM_IC_CaptureCallback
 .text.HAL_TIM_PWM_PulseFinishedCallback
                0x0800301e       0x14 ./Drivers/STM32F4xx_HAL_Driver/Src/stm32f4xx_hal_tim.o
                0x0800301e                HAL_TIM_PWM_PulseFinishedCallback
 .text.HAL_TIM_TriggerCallback
                0x08003032       0x14 ./Drivers/STM32F4xx_HAL_Driver/Src/stm32f4xx_hal_tim.o
                0x08003032                HAL_TIM_TriggerCallback
 *fill*         0x08003046        0x2 
 .text.TIM_Base_SetConfig
                0x08003048      0x158 ./Drivers/STM32F4xx_HAL_Driver/Src/stm32f4xx_hal_tim.o
                0x08003048                TIM_Base_SetConfig
 .text.HAL_TIMEx_MasterConfigSynchronization
                0x080031a0       0xf8 ./Drivers/STM32F4xx_HAL_Driver/Src/stm32f4xx_hal_tim_ex.o
                0x080031a0                HAL_TIMEx_MasterConfigSynchronization
 .text.HAL_TIMEx_CommutCallback
                0x08003298       0x14 ./Drivers/STM32F4xx_HAL_Driver/Src/stm32f4xx_hal_tim_ex.o
                0x08003298                HAL_TIMEx_CommutCallback
 .text.HAL_TIMEx_BreakCallback
                0x080032ac       0x14 ./Drivers/STM32F4xx_HAL_Driver/Src/stm32f4xx_hal_tim_ex.o
                0x080032ac                HAL_TIMEx_BreakCallback
 .text.__itoa   0x080032c0       0x30 D:/CubeIDE/STM32CubeIDE_1.16.1/STM32CubeIDE/plugins/com.st.stm32cube.ide.mcu.externaltools.gnu-tools-for-stm32.12.3.rel1.win32_1.0.200.202406191623/tools/bin/../lib/gcc/arm-none-eabi/12.3.1/../../../../arm-none-eabi/lib/thumb/v7e-m+fp/hard\libc_nano.a(libc_a-itoa.o)
                0x080032c0                __itoa
 .text.itoa     0x080032f0        0x4 D:/CubeIDE/STM32CubeIDE_1.16.1/STM32CubeIDE/plugins/com.st.stm32cube.ide.mcu.externaltools.gnu-tools-for-stm32.12.3.rel1.win32_1.0.200.202406191623/tools/bin/../lib/gcc/arm-none-eabi/12.3.1/../../../../arm-none-eabi/lib/thumb/v7e-m+fp/hard\libc_nano.a(libc_a-itoa.o)
                0x080032f0                itoa
 .text.__utoa   0x080032f4       0x84 D:/CubeIDE/STM32CubeIDE_1.16.1/STM32CubeIDE/plugins/com.st.stm32cube.ide.mcu.externaltools.gnu-tools-for-stm32.12.3.rel1.win32_1.0.200.202406191623/tools/bin/../lib/gcc/arm-none-eabi/12.3.1/../../../../arm-none-eabi/lib/thumb/v7e-m+fp/hard\libc_nano.a(libc_a-utoa.o)
                0x080032f4                __utoa
 .text.memset   0x08003378       0x10 D:/CubeIDE/STM32CubeIDE_1.16.1/STM32CubeIDE/plugins/com.st.stm32cube.ide.mcu.externaltools.gnu-tools-for-stm32.12.3.rel1.win32_1.0.200.202406191623/tools/bin/../lib/gcc/arm-none-eabi/12.3.1/../../../../arm-none-eabi/lib/thumb/v7e-m+fp/hard\libc_nano.a(libc_a-memset.o)
                0x08003378                memset
 .text.__libc_init_array
                0x08003388       0x48 D:/CubeIDE/STM32CubeIDE_1.16.1/STM32CubeIDE/plugins/com.st.stm32cube.ide.mcu.externaltools.gnu-tools-for-stm32.12.3.rel1.win32_1.0.200.202406191623/tools/bin/../lib/gcc/arm-none-eabi/12.3.1/../../../../arm-none-eabi/lib/thumb/v7e-m+fp/hard\libc_nano.a(libc_a-init.o)
                0x08003388                __libc_init_array
 *(.glue_7)
 .glue_7        0x080033d0        0x0 linker stubs
 *(.glue_7t)
 .glue_7t       0x080033d0        0x0 linker stubs
 *(.eh_frame)
 .eh_frame      0x080033d0        0x0 D:/CubeIDE/STM32CubeIDE_1.16.1/STM32CubeIDE/plugins/com.st.stm32cube.ide.mcu.externaltools.gnu-tools-for-stm32.12.3.rel1.win32_1.0.200.202406191623/tools/bin/../lib/gcc/arm-none-eabi/12.3.1/thumb/v7e-m+fp/hard/crtbegin.o
 *(.init)
 .init          0x080033d0        0x4 D:/CubeIDE/STM32CubeIDE_1.16.1/STM32CubeIDE/plugins/com.st.stm32cube.ide.mcu.externaltools.gnu-tools-for-stm32.12.3.rel1.win32_1.0.200.202406191623/tools/bin/../lib/gcc/arm-none-eabi/12.3.1/thumb/v7e-m+fp/hard/crti.o
                0x080033d0                _init
 .init          0x080033d4        0x8 D:/CubeIDE/STM32CubeIDE_1.16.1/STM32CubeIDE/plugins/com.st.stm32cube.ide.mcu.externaltools.gnu-tools-for-stm32.12.3.rel1.win32_1.0.200.202406191623/tools/bin/../lib/gcc/arm-none-eabi/12.3.1/thumb/v7e-m+fp/hard/crtn.o
 *(.fini)
 .fini          0x080033dc        0x4 D:/CubeIDE/STM32CubeIDE_1.16.1/STM32CubeIDE/plugins/com.st.stm32cube.ide.mcu.externaltools.gnu-tools-for-stm32.12.3.rel1.win32_1.0.200.202406191623/tools/bin/../lib/gcc/arm-none-eabi/12.3.1/thumb/v7e-m+fp/hard/crti.o
                0x080033dc                _fini
 .fini          0x080033e0        0x8 D:/CubeIDE/STM32CubeIDE_1.16.1/STM32CubeIDE/plugins/com.st.stm32cube.ide.mcu.externaltools.gnu-tools-for-stm32.12.3.rel1.win32_1.0.200.202406191623/tools/bin/../lib/gcc/arm-none-eabi/12.3.1/thumb/v7e-m+fp/hard/crtn.o
                0x080033e8                        . = ALIGN (0x4)
                0x080033e8                        _etext = .

.vfp11_veneer   0x080033e8        0x0
 .vfp11_veneer  0x080033e8        0x0 linker stubs

.v4_bx          0x080033e8        0x0
 .v4_bx         0x080033e8        0x0 linker stubs

.iplt           0x080033e8        0x0
 .iplt          0x080033e8        0x0 D:/CubeIDE/STM32CubeIDE_1.16.1/STM32CubeIDE/plugins/com.st.stm32cube.ide.mcu.externaltools.gnu-tools-for-stm32.12.3.rel1.win32_1.0.200.202406191623/tools/bin/../lib/gcc/arm-none-eabi/12.3.1/thumb/v7e-m+fp/hard/crtbegin.o

.rodata         0x080033e8       0x54
                0x080033e8                        . = ALIGN (0x4)
 *(.rodata)
 .rodata        0x080033e8        0x2 ./Core/Src/main.o
 *fill*         0x080033ea        0x2 
 .rodata        0x080033ec       0x10 ./Drivers/STM32F4xx_HAL_Driver/Src/liquidcrystal_i2c.o
 *(.rodata*)
 .rodata.AHBPrescTable
                0x080033fc       0x10 ./Core/Src/system_stm32f4xx.o
                0x080033fc                AHBPrescTable
 .rodata.APBPrescTable
                0x0800340c        0x8 ./Core/Src/system_stm32f4xx.o
                0x0800340c                APBPrescTable
 .rodata.__utoa.str1.1
                0x08003414       0x25 D:/CubeIDE/STM32CubeIDE_1.16.1/STM32CubeIDE/plugins/com.st.stm32cube.ide.mcu.externaltools.gnu-tools-for-stm32.12.3.rel1.win32_1.0.200.202406191623/tools/bin/../lib/gcc/arm-none-eabi/12.3.1/../../../../arm-none-eabi/lib/thumb/v7e-m+fp/hard\libc_nano.a(libc_a-utoa.o)
                0x0800343c                        . = ALIGN (0x4)
 *fill*         0x08003439        0x3 

.ARM.extab      0x0800343c        0x0
                0x0800343c                        . = ALIGN (0x4)
 *(.ARM.extab* .gnu.linkonce.armextab.*)
                0x0800343c                        . = ALIGN (0x4)

.ARM            0x0800343c        0x8
                0x0800343c                        . = ALIGN (0x4)
                0x0800343c                        __exidx_start = .
 *(.ARM.exidx*)
 .ARM.exidx     0x0800343c        0x8 D:/CubeIDE/STM32CubeIDE_1.16.1/STM32CubeIDE/plugins/com.st.stm32cube.ide.mcu.externaltools.gnu-tools-for-stm32.12.3.rel1.win32_1.0.200.202406191623/tools/bin/../lib/gcc/arm-none-eabi/12.3.1/thumb/v7e-m+fp/hard\libgcc.a(_udivmoddi4.o)
                0x08003444                        __exidx_end = .
                0x08003444                        . = ALIGN (0x4)

.preinit_array  0x08003444        0x0
                0x08003444                        . = ALIGN (0x4)
                0x08003444                        PROVIDE (__preinit_array_start = .)
 *(.preinit_array*)
                0x08003444                        PROVIDE (__preinit_array_end = .)
                0x08003444                        . = ALIGN (0x4)

.init_array     0x08003444        0x4
                0x08003444                        . = ALIGN (0x4)
                0x08003444                        PROVIDE (__init_array_start = .)
 *(SORT_BY_NAME(.init_array.*))
 *(.init_array*)
 .init_array    0x08003444        0x4 D:/CubeIDE/STM32CubeIDE_1.16.1/STM32CubeIDE/plugins/com.st.stm32cube.ide.mcu.externaltools.gnu-tools-for-stm32.12.3.rel1.win32_1.0.200.202406191623/tools/bin/../lib/gcc/arm-none-eabi/12.3.1/thumb/v7e-m+fp/hard/crtbegin.o
                0x08003448                        PROVIDE (__init_array_end = .)
                0x08003448                        . = ALIGN (0x4)

.fini_array     0x08003448        0x4
                0x08003448                        . = ALIGN (0x4)
                [!provide]                        PROVIDE (__fini_array_start = .)
 *(SORT_BY_NAME(.fini_array.*))
 *(.fini_array*)
 .fini_array    0x08003448        0x4 D:/CubeIDE/STM32CubeIDE_1.16.1/STM32CubeIDE/plugins/com.st.stm32cube.ide.mcu.externaltools.gnu-tools-for-stm32.12.3.rel1.win32_1.0.200.202406191623/tools/bin/../lib/gcc/arm-none-eabi/12.3.1/thumb/v7e-m+fp/hard/crtbegin.o
                [!provide]                        PROVIDE (__fini_array_end = .)
                0x0800344c                        . = ALIGN (0x4)
                0x0800344c                        _sidata = LOADADDR (.data)

.rel.dyn        0x0800344c        0x0
 .rel.iplt      0x0800344c        0x0 D:/CubeIDE/STM32CubeIDE_1.16.1/STM32CubeIDE/plugins/com.st.stm32cube.ide.mcu.externaltools.gnu-tools-for-stm32.12.3.rel1.win32_1.0.200.202406191623/tools/bin/../lib/gcc/arm-none-eabi/12.3.1/thumb/v7e-m+fp/hard/crtbegin.o

.data           0x20000000       0x1c load address 0x0800344c
                0x20000000                        . = ALIGN (0x4)
                0x20000000                        _sdata = .
 *(.data)
 *(.data*)
 .data.SystemCoreClock
                0x20000000        0x4 ./Core/Src/system_stm32f4xx.o
                0x20000000                SystemCoreClock
 .data.special1
                0x20000004        0x8 ./Drivers/STM32F4xx_HAL_Driver/Src/liquidcrystal_i2c.o
                0x20000004                special1
 .data.special2
                0x2000000c        0x8 ./Drivers/STM32F4xx_HAL_Driver/Src/liquidcrystal_i2c.o
                0x2000000c                special2
 .data.uwTickPrio
                0x20000014        0x4 ./Drivers/STM32F4xx_HAL_Driver/Src/stm32f4xx_hal.o
                0x20000014                uwTickPrio
 .data.uwTickFreq
                0x20000018        0x1 ./Drivers/STM32F4xx_HAL_Driver/Src/stm32f4xx_hal.o
                0x20000018                uwTickFreq
 *(.RamFunc)
 *(.RamFunc*)
                0x2000001c                        . = ALIGN (0x4)
 *fill*         0x20000019        0x3 
                0x2000001c                        _edata = .

.igot.plt       0x2000001c        0x0 load address 0x08003468
 .igot.plt      0x2000001c        0x0 D:/CubeIDE/STM32CubeIDE_1.16.1/STM32CubeIDE/plugins/com.st.stm32cube.ide.mcu.externaltools.gnu-tools-for-stm32.12.3.rel1.win32_1.0.200.202406191623/tools/bin/../lib/gcc/arm-none-eabi/12.3.1/thumb/v7e-m+fp/hard/crtbegin.o
                0x2000001c                        . = ALIGN (0x4)

.bss            0x2000001c      0x168 load address 0x08003468
                0x2000001c                        _sbss = .
                0x2000001c                        __bss_start__ = _sbss
 *(.bss)
 .bss           0x2000001c       0x1c D:/CubeIDE/STM32CubeIDE_1.16.1/STM32CubeIDE/plugins/com.st.stm32cube.ide.mcu.externaltools.gnu-tools-for-stm32.12.3.rel1.win32_1.0.200.202406191623/tools/bin/../lib/gcc/arm-none-eabi/12.3.1/thumb/v7e-m+fp/hard/crtbegin.o
 *(.bss*)
 .bss.hi2c1     0x20000038       0x54 ./Core/Src/i2c.o
                0x20000038                hi2c1
 .bss.i         0x2000008c        0x2 ./Core/Src/main.o
                0x2000008c                i
 .bss.j         0x2000008e        0x2 ./Core/Src/main.o
                0x2000008e                j
 .bss.k         0x20000090        0x2 ./Core/Src/main.o
                0x20000090                k
 *fill*         0x20000092        0x2 
 .bss.num1      0x20000094        0x2 ./Core/Src/main.o
                0x20000094                num1
 *fill*         0x20000096        0x2 
 .bss.num2      0x20000098        0x1 ./Core/Src/main.o
                0x20000098                num2
 *fill*         0x20000099        0x3 
 .bss.num3      0x2000009c        0x1 ./Core/Src/main.o
                0x2000009c                num3
 *fill*         0x2000009d        0x3 
 .bss.htim6     0x200000a0       0x48 ./Core/Src/tim.o
                0x200000a0                htim6
 .bss.htim7     0x200000e8       0x48 ./Core/Src/tim.o
                0x200000e8                htim7
 .bss.htim14    0x20000130       0x48 ./Core/Src/tim.o
                0x20000130                htim14
 .bss.dpFunction
                0x20000178        0x1 ./Drivers/STM32F4xx_HAL_Driver/Src/liquidcrystal_i2c.o
                0x20000178                dpFunction
 .bss.dpControl
                0x20000179        0x1 ./Drivers/STM32F4xx_HAL_Driver/Src/liquidcrystal_i2c.o
                0x20000179                dpControl
 .bss.dpMode    0x2000017a        0x1 ./Drivers/STM32F4xx_HAL_Driver/Src/liquidcrystal_i2c.o
                0x2000017a                dpMode
 .bss.dpRows    0x2000017b        0x1 ./Drivers/STM32F4xx_HAL_Driver/Src/liquidcrystal_i2c.o
                0x2000017b                dpRows
 .bss.dpBacklight
                0x2000017c        0x1 ./Drivers/STM32F4xx_HAL_Driver/Src/liquidcrystal_i2c.o
                0x2000017c                dpBacklight
 *fill*         0x2000017d        0x3 
 .bss.uwTick    0x20000180        0x4 ./Drivers/STM32F4xx_HAL_Driver/Src/stm32f4xx_hal.o
                0x20000180                uwTick
 *(COMMON)
                0x20000184                        . = ALIGN (0x4)
                0x20000184                        _ebss = .
                0x20000184                        __bss_end__ = _ebss

._user_heap_stack
                0x20000184      0x604 load address 0x08003468
                0x20000188                        . = ALIGN (0x8)
 *fill*         0x20000184        0x4 
                [!provide]                        PROVIDE (end = .)
                0x20000188                        PROVIDE (_end = .)
                0x20000388                        . = (. + _Min_Heap_Size)
 *fill*         0x20000188      0x200 
                0x20000788                        . = (. + _Min_Stack_Size)
 *fill*         0x20000388      0x400 
                0x20000788                        . = ALIGN (0x8)

/DISCARD/
 libc.a(*)
 libm.a(*)
 libgcc.a(*)

.ARM.attributes
                0x00000000       0x30
 *(.ARM.attributes)
 .ARM.attributes
                0x00000000       0x22 D:/CubeIDE/STM32CubeIDE_1.16.1/STM32CubeIDE/plugins/com.st.stm32cube.ide.mcu.externaltools.gnu-tools-for-stm32.12.3.rel1.win32_1.0.200.202406191623/tools/bin/../lib/gcc/arm-none-eabi/12.3.1/thumb/v7e-m+fp/hard/crti.o
 .ARM.attributes
                0x00000022       0x34 D:/CubeIDE/STM32CubeIDE_1.16.1/STM32CubeIDE/plugins/com.st.stm32cube.ide.mcu.externaltools.gnu-tools-for-stm32.12.3.rel1.win32_1.0.200.202406191623/tools/bin/../lib/gcc/arm-none-eabi/12.3.1/thumb/v7e-m+fp/hard/crtbegin.o
 .ARM.attributes
                0x00000056       0x34 ./Core/Src/gpio.o
 .ARM.attributes
                0x0000008a       0x34 ./Core/Src/i2c.o
 .ARM.attributes
                0x000000be       0x34 ./Core/Src/main.o
 .ARM.attributes
                0x000000f2       0x34 ./Core/Src/stm32f4xx_hal_msp.o
 .ARM.attributes
                0x00000126       0x34 ./Core/Src/stm32f4xx_it.o
 .ARM.attributes
                0x0000015a       0x34 ./Core/Src/system_stm32f4xx.o
 .ARM.attributes
                0x0000018e       0x34 ./Core/Src/tim.o
 .ARM.attributes
                0x000001c2       0x21 ./Core/Startup/startup_stm32f446retx.o
 .ARM.attributes
                0x000001e3       0x34 ./Drivers/STM32F4xx_HAL_Driver/Src/liquidcrystal_i2c.o
 .ARM.attributes
                0x00000217       0x34 ./Drivers/STM32F4xx_HAL_Driver/Src/stm32f4xx_hal.o
 .ARM.attributes
                0x0000024b       0x34 ./Drivers/STM32F4xx_HAL_Driver/Src/stm32f4xx_hal_cortex.o
 .ARM.attributes
                0x0000027f       0x34 ./Drivers/STM32F4xx_HAL_Driver/Src/stm32f4xx_hal_gpio.o
 .ARM.attributes
                0x000002b3       0x34 ./Drivers/STM32F4xx_HAL_Driver/Src/stm32f4xx_hal_i2c.o
 .ARM.attributes
                0x000002e7       0x34 ./Drivers/STM32F4xx_HAL_Driver/Src/stm32f4xx_hal_rcc.o
 .ARM.attributes
                0x0000031b       0x34 ./Drivers/STM32F4xx_HAL_Driver/Src/stm32f4xx_hal_rcc_ex.o
 .ARM.attributes
                0x0000034f       0x34 ./Drivers/STM32F4xx_HAL_Driver/Src/stm32f4xx_hal_tim.o
 .ARM.attributes
                0x00000383       0x34 ./Drivers/STM32F4xx_HAL_Driver/Src/stm32f4xx_hal_tim_ex.o
 .ARM.attributes
                0x000003b7       0x34 D:/CubeIDE/STM32CubeIDE_1.16.1/STM32CubeIDE/plugins/com.st.stm32cube.ide.mcu.externaltools.gnu-tools-for-stm32.12.3.rel1.win32_1.0.200.202406191623/tools/bin/../lib/gcc/arm-none-eabi/12.3.1/../../../../arm-none-eabi/lib/thumb/v7e-m+fp/hard\libc_nano.a(libc_a-itoa.o)
 .ARM.attributes
                0x000003eb       0x34 D:/CubeIDE/STM32CubeIDE_1.16.1/STM32CubeIDE/plugins/com.st.stm32cube.ide.mcu.externaltools.gnu-tools-for-stm32.12.3.rel1.win32_1.0.200.202406191623/tools/bin/../lib/gcc/arm-none-eabi/12.3.1/../../../../arm-none-eabi/lib/thumb/v7e-m+fp/hard\libc_nano.a(libc_a-utoa.o)
 .ARM.attributes
                0x0000041f       0x34 D:/CubeIDE/STM32CubeIDE_1.16.1/STM32CubeIDE/plugins/com.st.stm32cube.ide.mcu.externaltools.gnu-tools-for-stm32.12.3.rel1.win32_1.0.200.202406191623/tools/bin/../lib/gcc/arm-none-eabi/12.3.1/../../../../arm-none-eabi/lib/thumb/v7e-m+fp/hard\libc_nano.a(libc_a-memset.o)
 .ARM.attributes
                0x00000453       0x34 D:/CubeIDE/STM32CubeIDE_1.16.1/STM32CubeIDE/plugins/com.st.stm32cube.ide.mcu.externaltools.gnu-tools-for-stm32.12.3.rel1.win32_1.0.200.202406191623/tools/bin/../lib/gcc/arm-none-eabi/12.3.1/../../../../arm-none-eabi/lib/thumb/v7e-m+fp/hard\libc_nano.a(libc_a-init.o)
 .ARM.attributes
                0x00000487       0x22 D:/CubeIDE/STM32CubeIDE_1.16.1/STM32CubeIDE/plugins/com.st.stm32cube.ide.mcu.externaltools.gnu-tools-for-stm32.12.3.rel1.win32_1.0.200.202406191623/tools/bin/../lib/gcc/arm-none-eabi/12.3.1/thumb/v7e-m+fp/hard\libgcc.a(_aeabi_uldivmod.o)
 .ARM.attributes
                0x000004a9       0x34 D:/CubeIDE/STM32CubeIDE_1.16.1/STM32CubeIDE/plugins/com.st.stm32cube.ide.mcu.externaltools.gnu-tools-for-stm32.12.3.rel1.win32_1.0.200.202406191623/tools/bin/../lib/gcc/arm-none-eabi/12.3.1/thumb/v7e-m+fp/hard\libgcc.a(_udivmoddi4.o)
 .ARM.attributes
                0x000004dd       0x22 D:/CubeIDE/STM32CubeIDE_1.16.1/STM32CubeIDE/plugins/com.st.stm32cube.ide.mcu.externaltools.gnu-tools-for-stm32.12.3.rel1.win32_1.0.200.202406191623/tools/bin/../lib/gcc/arm-none-eabi/12.3.1/thumb/v7e-m+fp/hard\libgcc.a(_dvmd_tls.o)
 .ARM.attributes
                0x000004ff       0x22 D:/CubeIDE/STM32CubeIDE_1.16.1/STM32CubeIDE/plugins/com.st.stm32cube.ide.mcu.externaltools.gnu-tools-for-stm32.12.3.rel1.win32_1.0.200.202406191623/tools/bin/../lib/gcc/arm-none-eabi/12.3.1/thumb/v7e-m+fp/hard/crtn.o
OUTPUT(Hodak_Seminar.elf elf32-littlearm)
LOAD linker stubs
LOAD D:/CubeIDE/STM32CubeIDE_1.16.1/STM32CubeIDE/plugins/com.st.stm32cube.ide.mcu.externaltools.gnu-tools-for-stm32.12.3.rel1.win32_1.0.200.202406191623/tools/bin/../lib/gcc/arm-none-eabi/12.3.1/../../../../arm-none-eabi/lib/thumb/v7e-m+fp/hard\libc.a
LOAD D:/CubeIDE/STM32CubeIDE_1.16.1/STM32CubeIDE/plugins/com.st.stm32cube.ide.mcu.externaltools.gnu-tools-for-stm32.12.3.rel1.win32_1.0.200.202406191623/tools/bin/../lib/gcc/arm-none-eabi/12.3.1/../../../../arm-none-eabi/lib/thumb/v7e-m+fp/hard\libm.a
LOAD D:/CubeIDE/STM32CubeIDE_1.16.1/STM32CubeIDE/plugins/com.st.stm32cube.ide.mcu.externaltools.gnu-tools-for-stm32.12.3.rel1.win32_1.0.200.202406191623/tools/bin/../lib/gcc/arm-none-eabi/12.3.1/thumb/v7e-m+fp/hard\libgcc.a

.debug_info     0x00000000     0xd9fe
 .debug_info    0x00000000      0x694 ./Core/Src/gpio.o
 .debug_info    0x00000694      0x9a4 ./Core/Src/i2c.o
 .debug_info    0x00001038      0xdd7 ./Core/Src/main.o
 .debug_info    0x00001e0f      0x299 ./Core/Src/stm32f4xx_hal_msp.o
 .debug_info    0x000020a8      0x760 ./Core/Src/stm32f4xx_it.o
 .debug_info    0x00002808      0x54a ./Core/Src/system_stm32f4xx.o
 .debug_info    0x00002d52      0xc72 ./Core/Src/tim.o
 .debug_info    0x000039c4       0x30 ./Core/Startup/startup_stm32f446retx.o
 .debug_info    0x000039f4      0xce1 ./Drivers/STM32F4xx_HAL_Driver/Src/liquidcrystal_i2c.o
 .debug_info    0x000046d5      0x99a ./Drivers/STM32F4xx_HAL_Driver/Src/stm32f4xx_hal.o
 .debug_info    0x0000506f      0xdaa ./Drivers/STM32F4xx_HAL_Driver/Src/stm32f4xx_hal_cortex.o
 .debug_info    0x00005e19      0x70b ./Drivers/STM32F4xx_HAL_Driver/Src/stm32f4xx_hal_gpio.o
 .debug_info    0x00006524     0x2421 ./Drivers/STM32F4xx_HAL_Driver/Src/stm32f4xx_hal_i2c.o
 .debug_info    0x00008945      0x8eb ./Drivers/STM32F4xx_HAL_Driver/Src/stm32f4xx_hal_rcc.o
 .debug_info    0x00009230      0x956 ./Drivers/STM32F4xx_HAL_Driver/Src/stm32f4xx_hal_rcc_ex.o
 .debug_info    0x00009b86     0x299d ./Drivers/STM32F4xx_HAL_Driver/Src/stm32f4xx_hal_tim.o
 .debug_info    0x0000c523     0x14db ./Drivers/STM32F4xx_HAL_Driver/Src/stm32f4xx_hal_tim_ex.o

.debug_abbrev   0x00000000     0x228d
 .debug_abbrev  0x00000000      0x174 ./Core/Src/gpio.o
 .debug_abbrev  0x00000174      0x1f1 ./Core/Src/i2c.o
 .debug_abbrev  0x00000365      0x2bd ./Core/Src/main.o
 .debug_abbrev  0x00000622       0xd8 ./Core/Src/stm32f4xx_hal_msp.o
 .debug_abbrev  0x000006fa      0x1c2 ./Core/Src/stm32f4xx_it.o
 .debug_abbrev  0x000008bc      0x11a ./Core/Src/system_stm32f4xx.o
 .debug_abbrev  0x000009d6      0x21f ./Core/Src/tim.o
 .debug_abbrev  0x00000bf5       0x24 ./Core/Startup/startup_stm32f446retx.o
 .debug_abbrev  0x00000c19      0x306 ./Drivers/STM32F4xx_HAL_Driver/Src/liquidcrystal_i2c.o
 .debug_abbrev  0x00000f1f      0x214 ./Drivers/STM32F4xx_HAL_Driver/Src/stm32f4xx_hal.o
 .debug_abbrev  0x00001133      0x31d ./Drivers/STM32F4xx_HAL_Driver/Src/stm32f4xx_hal_cortex.o
 .debug_abbrev  0x00001450      0x1d4 ./Drivers/STM32F4xx_HAL_Driver/Src/stm32f4xx_hal_gpio.o
 .debug_abbrev  0x00001624      0x2ad ./Drivers/STM32F4xx_HAL_Driver/Src/stm32f4xx_hal_i2c.o
 .debug_abbrev  0x000018d1      0x2b7 ./Drivers/STM32F4xx_HAL_Driver/Src/stm32f4xx_hal_rcc.o
 .debug_abbrev  0x00001b88      0x20a ./Drivers/STM32F4xx_HAL_Driver/Src/stm32f4xx_hal_rcc_ex.o
 .debug_abbrev  0x00001d92      0x278 ./Drivers/STM32F4xx_HAL_Driver/Src/stm32f4xx_hal_tim.o
 .debug_abbrev  0x0000200a      0x283 ./Drivers/STM32F4xx_HAL_Driver/Src/stm32f4xx_hal_tim_ex.o

.debug_aranges  0x00000000      0xe38
 .debug_aranges
                0x00000000       0x20 ./Core/Src/gpio.o
 .debug_aranges
                0x00000020       0x30 ./Core/Src/i2c.o
 .debug_aranges
                0x00000050       0x48 ./Core/Src/main.o
 .debug_aranges
                0x00000098       0x20 ./Core/Src/stm32f4xx_hal_msp.o
 .debug_aranges
                0x000000b8       0x88 ./Core/Src/stm32f4xx_it.o
 .debug_aranges
                0x00000140       0x28 ./Core/Src/system_stm32f4xx.o
 .debug_aranges
                0x00000168       0x40 ./Core/Src/tim.o
 .debug_aranges
                0x000001a8       0x28 ./Core/Startup/startup_stm32f446retx.o
 .debug_aranges
                0x000001d0      0x110 ./Drivers/STM32F4xx_HAL_Driver/Src/liquidcrystal_i2c.o
 .debug_aranges
                0x000002e0       0xf0 ./Drivers/STM32F4xx_HAL_Driver/Src/stm32f4xx_hal.o
 .debug_aranges
                0x000003d0      0x130 ./Drivers/STM32F4xx_HAL_Driver/Src/stm32f4xx_hal_cortex.o
 .debug_aranges
                0x00000500       0x58 ./Drivers/STM32F4xx_HAL_Driver/Src/stm32f4xx_hal_gpio.o
 .debug_aranges
                0x00000558      0x2a8 ./Drivers/STM32F4xx_HAL_Driver/Src/stm32f4xx_hal_i2c.o
 .debug_aranges
                0x00000800       0x88 ./Drivers/STM32F4xx_HAL_Driver/Src/stm32f4xx_hal_rcc.o
 .debug_aranges
                0x00000888       0x78 ./Drivers/STM32F4xx_HAL_Driver/Src/stm32f4xx_hal_rcc_ex.o
 .debug_aranges
                0x00000900      0x3d0 ./Drivers/STM32F4xx_HAL_Driver/Src/stm32f4xx_hal_tim.o
 .debug_aranges
                0x00000cd0      0x168 ./Drivers/STM32F4xx_HAL_Driver/Src/stm32f4xx_hal_tim_ex.o

.debug_rnglists
                0x00000000      0xb10
 .debug_rnglists
                0x00000000       0x14 ./Core/Src/gpio.o
 .debug_rnglists
                0x00000014       0x20 ./Core/Src/i2c.o
 .debug_rnglists
                0x00000034       0x34 ./Core/Src/main.o
 .debug_rnglists
                0x00000068       0x13 ./Core/Src/stm32f4xx_hal_msp.o
 .debug_rnglists
                0x0000007b       0x61 ./Core/Src/stm32f4xx_it.o
 .debug_rnglists
                0x000000dc       0x1a ./Core/Src/system_stm32f4xx.o
 .debug_rnglists
                0x000000f6       0x2c ./Core/Src/tim.o
 .debug_rnglists
                0x00000122       0x19 ./Core/Startup/startup_stm32f446retx.o
 .debug_rnglists
                0x0000013b       0xc8 ./Drivers/STM32F4xx_HAL_Driver/Src/liquidcrystal_i2c.o
 .debug_rnglists
                0x00000203       0xaf ./Drivers/STM32F4xx_HAL_Driver/Src/stm32f4xx_hal.o
 .debug_rnglists
                0x000002b2       0xe0 ./Drivers/STM32F4xx_HAL_Driver/Src/stm32f4xx_hal_cortex.o
 .debug_rnglists
                0x00000392       0x3f ./Drivers/STM32F4xx_HAL_Driver/Src/stm32f4xx_hal_gpio.o
 .debug_rnglists
                0x000003d1      0x23c ./Drivers/STM32F4xx_HAL_Driver/Src/stm32f4xx_hal_i2c.o
 .debug_rnglists
                0x0000060d       0x66 ./Drivers/STM32F4xx_HAL_Driver/Src/stm32f4xx_hal_rcc.o
 .debug_rnglists
                0x00000673       0x5e ./Drivers/STM32F4xx_HAL_Driver/Src/stm32f4xx_hal_rcc_ex.o
 .debug_rnglists
                0x000006d1      0x31a ./Drivers/STM32F4xx_HAL_Driver/Src/stm32f4xx_hal_tim.o
 .debug_rnglists
                0x000009eb      0x125 ./Drivers/STM32F4xx_HAL_Driver/Src/stm32f4xx_hal_tim_ex.o

.debug_macro    0x00000000    0x218fc
 .debug_macro   0x00000000      0x1f6 ./Core/Src/gpio.o
 .debug_macro   0x000001f6      0xab4 ./Core/Src/gpio.o
 .debug_macro   0x00000caa      0x29b ./Core/Src/gpio.o
 .debug_macro   0x00000f45       0x2e ./Core/Src/gpio.o
 .debug_macro   0x00000f73       0x28 ./Core/Src/gpio.o
 .debug_macro   0x00000f9b       0x22 ./Core/Src/gpio.o
 .debug_macro   0x00000fbd       0x8e ./Core/Src/gpio.o
 .debug_macro   0x0000104b       0x51 ./Core/Src/gpio.o
 .debug_macro   0x0000109c      0x103 ./Core/Src/gpio.o
 .debug_macro   0x0000119f       0x6a ./Core/Src/gpio.o
 .debug_macro   0x00001209      0x1df ./Core/Src/gpio.o
 .debug_macro   0x000013e8       0x1c ./Core/Src/gpio.o
 .debug_macro   0x00001404       0x22 ./Core/Src/gpio.o
 .debug_macro   0x00001426       0xfb ./Core/Src/gpio.o
 .debug_macro   0x00001521     0x1011 ./Core/Src/gpio.o
 .debug_macro   0x00002532      0x11f ./Core/Src/gpio.o
 .debug_macro   0x00002651    0x16749 ./Core/Src/gpio.o
 .debug_macro   0x00018d9a       0x6d ./Core/Src/gpio.o
 .debug_macro   0x00018e07     0x369a ./Core/Src/gpio.o
 .debug_macro   0x0001c4a1      0x189 ./Core/Src/gpio.o
 .debug_macro   0x0001c62a       0x5c ./Core/Src/gpio.o
 .debug_macro   0x0001c686      0xca5 ./Core/Src/gpio.o
 .debug_macro   0x0001d32b      0x9e9 ./Core/Src/gpio.o
 .debug_macro   0x0001dd14      0x115 ./Core/Src/gpio.o
 .debug_macro   0x0001de29      0x1a0 ./Core/Src/gpio.o
 .debug_macro   0x0001dfc9       0xa5 ./Core/Src/gpio.o
 .debug_macro   0x0001e06e      0x16d ./Core/Src/gpio.o
 .debug_macro   0x0001e1db      0x287 ./Core/Src/gpio.o
 .debug_macro   0x0001e462       0x5f ./Core/Src/gpio.o
 .debug_macro   0x0001e4c1      0x236 ./Core/Src/gpio.o
 .debug_macro   0x0001e6f7      0x132 ./Core/Src/gpio.o
 .debug_macro   0x0001e829      0x29c ./Core/Src/gpio.o
 .debug_macro   0x0001eac5       0x2e ./Core/Src/gpio.o
 .debug_macro   0x0001eaf3      0x1b5 ./Core/Src/gpio.o
 .debug_macro   0x0001eca8       0x22 ./Core/Src/gpio.o
 .debug_macro   0x0001ecca       0xd6 ./Core/Src/gpio.o
 .debug_macro   0x0001eda0      0x127 ./Core/Src/gpio.o
 .debug_macro   0x0001eec7       0xe8 ./Core/Src/gpio.o
 .debug_macro   0x0001efaf       0x89 ./Core/Src/gpio.o
 .debug_macro   0x0001f038      0x8ed ./Core/Src/gpio.o
 .debug_macro   0x0001f925       0x53 ./Core/Src/gpio.o
 .debug_macro   0x0001f978      0x126 ./Core/Src/gpio.o
 .debug_macro   0x0001fa9e       0x28 ./Core/Src/gpio.o
 .debug_macro   0x0001fac6      0x1f6 ./Core/Src/i2c.o
 .debug_macro   0x0001fcbc      0x20e ./Core/Src/main.o
 .debug_macro   0x0001feca      0x1ec ./Core/Src/stm32f4xx_hal_msp.o
 .debug_macro   0x000200b6      0x1f6 ./Core/Src/stm32f4xx_it.o
 .debug_macro   0x000202ac      0x1dd ./Core/Src/system_stm32f4xx.o
 .debug_macro   0x00020489      0x1f6 ./Core/Src/tim.o
 .debug_macro   0x0002067f      0x1ec ./Drivers/STM32F4xx_HAL_Driver/Src/liquidcrystal_i2c.o
 .debug_macro   0x0002086b       0xd0 ./Drivers/STM32F4xx_HAL_Driver/Src/liquidcrystal_i2c.o
 .debug_macro   0x0002093b      0x23d ./Drivers/STM32F4xx_HAL_Driver/Src/stm32f4xx_hal.o
 .debug_macro   0x00020b78      0x1dd ./Drivers/STM32F4xx_HAL_Driver/Src/stm32f4xx_hal_cortex.o
 .debug_macro   0x00020d55      0x1e3 ./Drivers/STM32F4xx_HAL_Driver/Src/stm32f4xx_hal_gpio.o
 .debug_macro   0x00020f38      0x22b ./Drivers/STM32F4xx_HAL_Driver/Src/stm32f4xx_hal_i2c.o
 .debug_macro   0x00021163      0x201 ./Drivers/STM32F4xx_HAL_Driver/Src/stm32f4xx_hal_rcc.o
 .debug_macro   0x00021364      0x1dd ./Drivers/STM32F4xx_HAL_Driver/Src/stm32f4xx_hal_rcc_ex.o
 .debug_macro   0x00021541      0x1de ./Drivers/STM32F4xx_HAL_Driver/Src/stm32f4xx_hal_tim.o
 .debug_macro   0x0002171f      0x1dd ./Drivers/STM32F4xx_HAL_Driver/Src/stm32f4xx_hal_tim_ex.o

.debug_line     0x00000000    0x11669
 .debug_line    0x00000000      0x786 ./Core/Src/gpio.o
 .debug_line    0x00000786      0x7b5 ./Core/Src/i2c.o
 .debug_line    0x00000f3b      0x8ac ./Core/Src/main.o
 .debug_line    0x000017e7      0x74c ./Core/Src/stm32f4xx_hal_msp.o
 .debug_line    0x00001f33      0x887 ./Core/Src/stm32f4xx_it.o
 .debug_line    0x000027ba      0x7d0 ./Core/Src/system_stm32f4xx.o
 .debug_line    0x00002f8a      0x85e ./Core/Src/tim.o
 .debug_line    0x000037e8       0x7a ./Core/Startup/startup_stm32f446retx.o
 .debug_line    0x00003862      0xb5c ./Drivers/STM32F4xx_HAL_Driver/Src/liquidcrystal_i2c.o
 .debug_line    0x000043be      0xa39 ./Drivers/STM32F4xx_HAL_Driver/Src/stm32f4xx_hal.o
 .debug_line    0x00004df7      0xd2b ./Drivers/STM32F4xx_HAL_Driver/Src/stm32f4xx_hal_cortex.o
 .debug_line    0x00005b22      0xbb1 ./Drivers/STM32F4xx_HAL_Driver/Src/stm32f4xx_hal_gpio.o
 .debug_line    0x000066d3     0x3b7f ./Drivers/STM32F4xx_HAL_Driver/Src/stm32f4xx_hal_i2c.o
 .debug_line    0x0000a252      0xdce ./Drivers/STM32F4xx_HAL_Driver/Src/stm32f4xx_hal_rcc.o
 .debug_line    0x0000b020     0x143d ./Drivers/STM32F4xx_HAL_Driver/Src/stm32f4xx_hal_rcc_ex.o
 .debug_line    0x0000c45d     0x37dd ./Drivers/STM32F4xx_HAL_Driver/Src/stm32f4xx_hal_tim.o
 .debug_line    0x0000fc3a     0x1a2f ./Drivers/STM32F4xx_HAL_Driver/Src/stm32f4xx_hal_tim_ex.o

.debug_str      0x00000000    0xcd851
 .debug_str     0x00000000    0xc96c6 ./Core/Src/gpio.o
                              0xc999c (size before relaxing)
 .debug_str     0x000c96c6      0x54b ./Core/Src/i2c.o
                              0xc996f (size before relaxing)
 .debug_str     0x000c9c11      0x537 ./Core/Src/main.o
                              0xc9c31 (size before relaxing)
 .debug_str     0x000ca148       0x2c ./Core/Src/stm32f4xx_hal_msp.o
                              0xc9370 (size before relaxing)
 .debug_str     0x000ca174      0x15f ./Core/Src/stm32f4xx_it.o
                              0xc98c3 (size before relaxing)
 .debug_str     0x000ca2d3       0xdb ./Core/Src/system_stm32f4xx.o
                              0xc9390 (size before relaxing)
 .debug_str     0x000ca3ae       0xe3 ./Core/Src/tim.o
                              0xc9f35 (size before relaxing)
 .debug_str     0x000ca491       0x44 ./Core/Startup/startup_stm32f446retx.o
                                 0x8e (size before relaxing)
 .debug_str     0x000ca4d5      0x61b ./Drivers/STM32F4xx_HAL_Driver/Src/liquidcrystal_i2c.o
                              0xc9d60 (size before relaxing)
 .debug_str     0x000caaf0      0x608 ./Drivers/STM32F4xx_HAL_Driver/Src/stm32f4xx_hal.o
                              0xc9f55 (size before relaxing)
 .debug_str     0x000cb0f8      0x36b ./Drivers/STM32F4xx_HAL_Driver/Src/stm32f4xx_hal_cortex.o
                              0xc9cac (size before relaxing)
 .debug_str     0x000cb463       0xc4 ./Drivers/STM32F4xx_HAL_Driver/Src/stm32f4xx_hal_gpio.o
                              0xc950b (size before relaxing)
 .debug_str     0x000cb527      0xb50 ./Drivers/STM32F4xx_HAL_Driver/Src/stm32f4xx_hal_i2c.o
                              0xca38e (size before relaxing)
 .debug_str     0x000cc077      0x213 ./Drivers/STM32F4xx_HAL_Driver/Src/stm32f4xx_hal_rcc.o
                              0xc97c9 (size before relaxing)
 .debug_str     0x000cc28a      0x324 ./Drivers/STM32F4xx_HAL_Driver/Src/stm32f4xx_hal_rcc_ex.o
                              0xc97fc (size before relaxing)
 .debug_str     0x000cc5ae      0xe10 ./Drivers/STM32F4xx_HAL_Driver/Src/stm32f4xx_hal_tim.o
                              0xca6f5 (size before relaxing)
 .debug_str     0x000cd3be      0x493 ./Drivers/STM32F4xx_HAL_Driver/Src/stm32f4xx_hal_tim_ex.o
                              0xc9f01 (size before relaxing)

.comment        0x00000000       0x43
 .comment       0x00000000       0x43 ./Core/Src/gpio.o
                                 0x44 (size before relaxing)
 .comment       0x00000043       0x44 ./Core/Src/i2c.o
 .comment       0x00000043       0x44 ./Core/Src/main.o
 .comment       0x00000043       0x44 ./Core/Src/stm32f4xx_hal_msp.o
 .comment       0x00000043       0x44 ./Core/Src/stm32f4xx_it.o
 .comment       0x00000043       0x44 ./Core/Src/system_stm32f4xx.o
 .comment       0x00000043       0x44 ./Core/Src/tim.o
 .comment       0x00000043       0x44 ./Drivers/STM32F4xx_HAL_Driver/Src/liquidcrystal_i2c.o
 .comment       0x00000043       0x44 ./Drivers/STM32F4xx_HAL_Driver/Src/stm32f4xx_hal.o
 .comment       0x00000043       0x44 ./Drivers/STM32F4xx_HAL_Driver/Src/stm32f4xx_hal_cortex.o
 .comment       0x00000043       0x44 ./Drivers/STM32F4xx_HAL_Driver/Src/stm32f4xx_hal_gpio.o
 .comment       0x00000043       0x44 ./Drivers/STM32F4xx_HAL_Driver/Src/stm32f4xx_hal_i2c.o
 .comment       0x00000043       0x44 ./Drivers/STM32F4xx_HAL_Driver/Src/stm32f4xx_hal_rcc.o
 .comment       0x00000043       0x44 ./Drivers/STM32F4xx_HAL_Driver/Src/stm32f4xx_hal_rcc_ex.o
 .comment       0x00000043       0x44 ./Drivers/STM32F4xx_HAL_Driver/Src/stm32f4xx_hal_tim.o
 .comment       0x00000043       0x44 ./Drivers/STM32F4xx_HAL_Driver/Src/stm32f4xx_hal_tim_ex.o

.debug_frame    0x00000000     0x3b98
 .debug_frame   0x00000000       0x34 ./Core/Src/gpio.o
 .debug_frame   0x00000034       0x74 ./Core/Src/i2c.o
 .debug_frame   0x000000a8       0xd8 ./Core/Src/main.o
 .debug_frame   0x00000180       0x38 ./Core/Src/stm32f4xx_hal_msp.o
 .debug_frame   0x000001b8      0x190 ./Core/Src/stm32f4xx_it.o
 .debug_frame   0x00000348       0x58 ./Core/Src/system_stm32f4xx.o
 .debug_frame   0x000003a0       0xbc ./Core/Src/tim.o
 .debug_frame   0x0000045c      0x3f0 ./Drivers/STM32F4xx_HAL_Driver/Src/liquidcrystal_i2c.o
 .debug_frame   0x0000084c      0x374 ./Drivers/STM32F4xx_HAL_Driver/Src/stm32f4xx_hal.o
 .debug_frame   0x00000bc0      0x508 ./Drivers/STM32F4xx_HAL_Driver/Src/stm32f4xx_hal_cortex.o
 .debug_frame   0x000010c8      0x14c ./Drivers/STM32F4xx_HAL_Driver/Src/stm32f4xx_hal_gpio.o
 .debug_frame   0x00001214      0xc84 ./Drivers/STM32F4xx_HAL_Driver/Src/stm32f4xx_hal_i2c.o
 .debug_frame   0x00001e98      0x1f4 ./Drivers/STM32F4xx_HAL_Driver/Src/stm32f4xx_hal_rcc.o
 .debug_frame   0x0000208c      0x1e8 ./Drivers/STM32F4xx_HAL_Driver/Src/stm32f4xx_hal_rcc_ex.o
 .debug_frame   0x00002274     0x11c0 ./Drivers/STM32F4xx_HAL_Driver/Src/stm32f4xx_hal_tim.o
 .debug_frame   0x00003434      0x638 ./Drivers/STM32F4xx_HAL_Driver/Src/stm32f4xx_hal_tim_ex.o
 .debug_frame   0x00003a6c       0x38 D:/CubeIDE/STM32CubeIDE_1.16.1/STM32CubeIDE/plugins/com.st.stm32cube.ide.mcu.externaltools.gnu-tools-for-stm32.12.3.rel1.win32_1.0.200.202406191623/tools/bin/../lib/gcc/arm-none-eabi/12.3.1/../../../../arm-none-eabi/lib/thumb/v7e-m+fp/hard\libc_nano.a(libc_a-itoa.o)
 .debug_frame   0x00003aa4       0x48 D:/CubeIDE/STM32CubeIDE_1.16.1/STM32CubeIDE/plugins/com.st.stm32cube.ide.mcu.externaltools.gnu-tools-for-stm32.12.3.rel1.win32_1.0.200.202406191623/tools/bin/../lib/gcc/arm-none-eabi/12.3.1/../../../../arm-none-eabi/lib/thumb/v7e-m+fp/hard\libc_nano.a(libc_a-utoa.o)
 .debug_frame   0x00003aec       0x20 D:/CubeIDE/STM32CubeIDE_1.16.1/STM32CubeIDE/plugins/com.st.stm32cube.ide.mcu.externaltools.gnu-tools-for-stm32.12.3.rel1.win32_1.0.200.202406191623/tools/bin/../lib/gcc/arm-none-eabi/12.3.1/../../../../arm-none-eabi/lib/thumb/v7e-m+fp/hard\libc_nano.a(libc_a-memset.o)
 .debug_frame   0x00003b0c       0x2c D:/CubeIDE/STM32CubeIDE_1.16.1/STM32CubeIDE/plugins/com.st.stm32cube.ide.mcu.externaltools.gnu-tools-for-stm32.12.3.rel1.win32_1.0.200.202406191623/tools/bin/../lib/gcc/arm-none-eabi/12.3.1/../../../../arm-none-eabi/lib/thumb/v7e-m+fp/hard\libc_nano.a(libc_a-init.o)
 .debug_frame   0x00003b38       0x2c D:/CubeIDE/STM32CubeIDE_1.16.1/STM32CubeIDE/plugins/com.st.stm32cube.ide.mcu.externaltools.gnu-tools-for-stm32.12.3.rel1.win32_1.0.200.202406191623/tools/bin/../lib/gcc/arm-none-eabi/12.3.1/thumb/v7e-m+fp/hard\libgcc.a(_aeabi_uldivmod.o)
 .debug_frame   0x00003b64       0x34 D:/CubeIDE/STM32CubeIDE_1.16.1/STM32CubeIDE/plugins/com.st.stm32cube.ide.mcu.externaltools.gnu-tools-for-stm32.12.3.rel1.win32_1.0.200.202406191623/tools/bin/../lib/gcc/arm-none-eabi/12.3.1/thumb/v7e-m+fp/hard\libgcc.a(_udivmoddi4.o)

.debug_line_str
                0x00000000       0x72
 .debug_line_str
                0x00000000       0x72 ./Core/Startup/startup_stm32f446retx.o
